2026-09-11 12:33:26 [main] INFO  performance - Objeto 'Nodo Pokemon (Charmander)' | tamano superficial: 40 bytes | con referencias: 288 bytes (0.00 MB)
2026-09-11 12:33:26 [main] INFO  performance - Memory footprint de 'Nodo Pokemon (Charmander)':
com.example.Model.Pokemon@7a5ceeddd footprint:
     COUNT       AVG       SUM   DESCRIPTION
         3        32        96   [B
         3        40       120   com.example.Model.Pokemon
         3        24        72   java.lang.String
         9                 288   (total)


2026-09-11 12:33:26 [main] INFO  performance - Objeto 'LineaEvolutiva completa' | tamano superficial: 32 bytes | con referencias: 320 bytes (0.00 MB)
2026-09-11 12:33:26 [main] INFO  performance - Memory footprint de 'LineaEvolutiva completa':
com.example.Model.LineaEvolutiva@57bc27f5d footprint:
     COUNT       AVG       SUM   DESCRIPTION
         3        32        96   [B
         1        32        32   com.example.Model.LineaEvolutiva
         3        40       120   com.example.Model.Pokemon
         3        24        72   java.lang.String
        10                 320   (total)


2026-09-11 12:33:26 [main] INFO  performance - Objeto 'Nodo enemigo (Caterpie)' | tamano superficial: 40 bytes | con referencias: 88 bytes (0.00 MB)
2026-09-11 12:33:26 [main] INFO  performance - Objeto 'Horda completa (100000 enemigos)' | tamano superficial: 400016 bytes | con referencias: 4400064 bytes (4.20 MB)
2026-09-11 12:33:26 [main] INFO  performance - Memoria JVM | usada: 17.41 MB | asignada: 258.00 MB | maxima: 4096.00 MB | uso: 6.75%
2026-09-11 12:33:26 [main] INFO  performance - Memoria fisica | usada: 11912.16 MB | total: 16384.00 MB | disponible: 4471.84 MB
2026-09-11 12:33:26 [main] INFO  performance - Proceso medido: ciclo masivo de 100000 batallas
2026-09-11 12:33:26 [main] INFO  performance - RAM disponible ANTES   : 4471.02 MB
2026-09-11 12:33:26 [main] INFO  performance - RAM disponible DESPUES : 4471.84 MB
2026-09-11 12:33:26 [main] INFO  performance - Impacto sobre la RAM disponible: se liberaron 0.83 MB
2026-09-11 12:33:26 [main] INFO  performance - Memoria JVM | usada: 20.58 MB | asignada: 258.00 MB | maxima: 4096.00 MB | uso: 7.98%
2026-09-11 12:33:26 [main] INFO  performance - Memoria fisica | usada: 11912.16 MB | total: 16384.00 MB | disponible: 4471.84 MB
2026-09-11 12:33:26 [main] INFO  performance - Objeto 'Caja Negra vacia (C = 10)' | tamano superficial: 32 bytes | con referencias: 64 bytes (0.00 MB)
2026-09-11 12:33:26 [main] INFO  performance - Objeto 'Caja Negra tras 100000 victorias' | tamano superficial: 32 bytes | con referencias: 752 bytes (0.00 MB)
2026-09-11 12:33:26 [main] INFO  performance - Proceso medido: rotacion circular sobre 100000 enemigos
2026-09-11 12:33:26 [main] INFO  performance - RAM disponible ANTES   : 4471.84 MB
2026-09-11 12:33:26 [main] INFO  performance - RAM disponible DESPUES : 4471.84 MB
2026-09-11 12:33:26 [main] INFO  performance - Impacto sobre la RAM disponible: se consumieron 0.00 MB
2026-09-11 12:35:08 [main] INFO  performance - Objeto 'Nodo Pokemon (Charmander)' | tamano superficial: 40 bytes | con referencias: 288 bytes (0.00 MB)
2026-09-11 12:35:08 [main] INFO  performance - Memory footprint de 'Nodo Pokemon (Charmander)':
com.example.Model.Pokemon@7a5ceeddd footprint:
     COUNT       AVG       SUM   DESCRIPTION
         3        32        96   [B
         3        40       120   com.example.Model.Pokemon
         3        24        72   java.lang.String
         9                 288   (total)


2026-09-11 12:35:08 [main] INFO  performance - Objeto 'LineaEvolutiva completa' | tamano superficial: 32 bytes | con referencias: 320 bytes (0.00 MB)
2026-09-11 12:35:08 [main] INFO  performance - Memory footprint de 'LineaEvolutiva completa':
com.example.Model.LineaEvolutiva@57bc27f5d footprint:
     COUNT       AVG       SUM   DESCRIPTION
         3        32        96   [B
         1        32        32   com.example.Model.LineaEvolutiva
         3        40       120   com.example.Model.Pokemon
         3        24        72   java.lang.String
        10                 320   (total)


2026-09-11 12:35:08 [main] INFO  performance - Objeto 'Nodo enemigo (Caterpie)' | tamano superficial: 40 bytes | con referencias: 88 bytes (0.00 MB)
2026-09-11 12:35:08 [main] INFO  performance - Objeto 'Horda completa (100000 enemigos)' | tamano superficial: 400016 bytes | con referencias: 4400064 bytes (4.20 MB)
2026-09-11 12:35:08 [main] INFO  performance - Memoria JVM | usada: 16.56 MB | asignada: 258.00 MB | maxima: 4096.00 MB | uso: 6.42%
2026-09-11 12:35:08 [main] INFO  performance - Memoria fisica | usada: 12114.75 MB | total: 16384.00 MB | disponible: 4269.25 MB
2026-09-11 12:35:08 [main] INFO  performance - Proceso medido: ciclo masivo de 100000 batallas
2026-09-11 12:35:08 [main] INFO  performance - RAM disponible ANTES   : 4269.13 MB
2026-09-11 12:35:08 [main] INFO  performance - RAM disponible DESPUES : 4269.25 MB
2026-09-11 12:35:08 [main] INFO  performance - Impacto sobre la RAM disponible: se liberaron 0.13 MB
2026-09-11 12:35:08 [main] INFO  performance - Memoria JVM | usada: 20.54 MB | asignada: 258.00 MB | maxima: 4096.00 MB | uso: 7.96%
2026-09-11 12:35:08 [main] INFO  performance - Memoria fisica | usada: 12114.75 MB | total: 16384.00 MB | disponible: 4269.25 MB
2026-09-11 12:35:08 [main] INFO  performance - Objeto 'Caja Negra vacia (C = 10)' | tamano superficial: 32 bytes | con referencias: 64 bytes (0.00 MB)
2026-09-11 12:35:08 [main] INFO  performance - Objeto 'Caja Negra tras 100000 victorias' | tamano superficial: 32 bytes | con referencias: 752 bytes (0.00 MB)
2026-09-11 12:35:08 [main] INFO  performance - Proceso medido: rotacion circular sobre 100000 enemigos
2026-09-11 12:35:08 [main] INFO  performance - RAM disponible ANTES   : 4269.25 MB
2026-09-11 12:35:08 [main] INFO  performance - RAM disponible DESPUES : 4269.25 MB
2026-09-11 12:35:08 [main] INFO  performance - Impacto sobre la RAM disponible: se consumieron 0.00 MB
