2026-09-11 12:33:26 [main] INFO  tiempos - Batalla unitaria contra Rattata | turnos: 3 | tiempo: 322875 ns
2026-09-11 12:33:26 [main] INFO  tiempos - Generacion de la horda | enemigos: 100000 | tiempo: 0.0024 s
2026-09-11 12:33:26 [main] INFO  tiempos - Entrenamiento masivo | enemigos: 100000 | turnos: 100260 | tiempo: 0.0135 s (13.54 ms) | nanoTime: 13543334 ns
2026-09-11 12:33:26 [main] INFO  tiempos - Costo promedio por batalla | 135 ns
2026-09-11 12:33:26 [main] INFO  tiempos - Rotacion circular | enemigos: 250 | turnos de campo: 5 | turnos de combate: 1050 | tiempo: 0.0021 s (2.10 ms) | nanoTime: 2099583 ns
2026-09-11 12:33:26 [main] INFO  tiempos - Costo promedio por enemigo derrotado | 8398 ns
2026-09-11 12:33:26 [main] INFO  tiempos - Rotacion circular | enemigos: 100000 | turnos de campo: 2000 | turnos de combate: 100900 | tiempo: 0.0146 s (14.57 ms) | nanoTime: 14572333 ns
2026-09-11 12:33:26 [main] INFO  tiempos - Costo promedio por enemigo derrotado | 145 ns
2026-09-11 12:33:53 [Test worker] INFO  tiempos - Entrenamiento masivo | enemigos: 29 | turnos: 145 | tiempo: 0.0002 s (0.18 ms) | nanoTime: 180083 ns
2026-09-11 12:33:53 [Test worker] INFO  tiempos - Costo promedio por batalla | 6209 ns
2026-09-11 12:33:53 [Test worker] INFO  tiempos - Entrenamiento masivo | enemigos: 30 | turnos: 150 | tiempo: 0.0008 s (0.80 ms) | nanoTime: 796917 ns
2026-09-11 12:33:53 [Test worker] INFO  tiempos - Costo promedio por batalla | 26563 ns
2026-09-11 12:33:53 [Test worker] INFO  tiempos - Entrenamiento masivo | enemigos: 100 | turnos: 360 | tiempo: 0.0004 s (0.36 ms) | nanoTime: 362083 ns
2026-09-11 12:33:53 [Test worker] INFO  tiempos - Costo promedio por batalla | 3620 ns
2026-09-11 12:33:53 [Test worker] INFO  tiempos - Entrenamiento masivo | enemigos: 1000 | turnos: 1306 | tiempo: 0.0007 s (0.73 ms) | nanoTime: 729583 ns
2026-09-11 12:33:53 [Test worker] INFO  tiempos - Costo promedio por batalla | 729 ns
2026-09-11 12:33:53 [Test worker] INFO  tiempos - Entrenamiento masivo | enemigos: 100000 | turnos: 100260 | tiempo: 0.0077 s (7.66 ms) | nanoTime: 7664959 ns
2026-09-11 12:33:53 [Test worker] INFO  tiempos - Costo promedio por batalla | 76 ns
2026-09-11 12:33:53 [Test worker] INFO  tiempos - Entrenamiento masivo | enemigos: 100 | turnos: 360 | tiempo: 0.0002 s (0.17 ms) | nanoTime: 168333 ns
2026-09-11 12:33:53 [Test worker] INFO  tiempos - Costo promedio por batalla | 1683 ns
2026-09-11 12:33:53 [Test worker] INFO  tiempos - Rotacion circular | enemigos: 50 | turnos de campo: 1 | turnos de combate: 270 | tiempo: 0.0001 s (0.10 ms) | nanoTime: 98917 ns
2026-09-11 12:33:53 [Test worker] INFO  tiempos - Costo promedio por enemigo derrotado | 1978 ns
2026-09-11 12:33:53 [Test worker] INFO  tiempos - Rotacion circular | enemigos: 250 | turnos de campo: 5 | turnos de combate: 1050 | tiempo: 0.0004 s (0.37 ms) | nanoTime: 370291 ns
2026-09-11 12:33:53 [Test worker] INFO  tiempos - Costo promedio por enemigo derrotado | 1481 ns
2026-09-11 12:33:53 [Test worker] INFO  tiempos - Rotacion circular | enemigos: 50 | turnos de campo: 1 | turnos de combate: 270 | tiempo: 0.0001 s (0.11 ms) | nanoTime: 110208 ns
2026-09-11 12:33:53 [Test worker] INFO  tiempos - Costo promedio por enemigo derrotado | 2204 ns
2026-09-11 12:33:53 [Test worker] INFO  tiempos - Rotacion circular | enemigos: 250 | turnos de campo: 5 | turnos de combate: 1050 | tiempo: 0.0003 s (0.29 ms) | nanoTime: 293666 ns
2026-09-11 12:33:53 [Test worker] INFO  tiempos - Costo promedio por enemigo derrotado | 1174 ns
2026-09-11 12:33:53 [Test worker] INFO  tiempos - Rotacion circular | enemigos: 250 | turnos de campo: 5 | turnos de combate: 1050 | tiempo: 0.0003 s (0.27 ms) | nanoTime: 267959 ns
2026-09-11 12:33:53 [Test worker] INFO  tiempos - Costo promedio por enemigo derrotado | 1071 ns
2026-09-11 12:35:03 [Test worker] INFO  tiempos - Entrenamiento masivo | enemigos: 29 | turnos: 145 | tiempo: 0.0002 s (0.17 ms) | nanoTime: 169000 ns
2026-09-11 12:35:03 [Test worker] INFO  tiempos - Costo promedio por batalla | 5827 ns
2026-09-11 12:35:03 [Test worker] INFO  tiempos - Entrenamiento masivo | enemigos: 30 | turnos: 150 | tiempo: 0.0009 s (0.93 ms) | nanoTime: 932625 ns
2026-09-11 12:35:03 [Test worker] INFO  tiempos - Costo promedio por batalla | 31087 ns
2026-09-11 12:35:03 [Test worker] INFO  tiempos - Entrenamiento masivo | enemigos: 100 | turnos: 360 | tiempo: 0.0003 s (0.33 ms) | nanoTime: 332708 ns
2026-09-11 12:35:03 [Test worker] INFO  tiempos - Costo promedio por batalla | 3327 ns
2026-09-11 12:35:03 [Test worker] INFO  tiempos - Entrenamiento masivo | enemigos: 1000 | turnos: 1362 | tiempo: 0.0007 s (0.75 ms) | nanoTime: 749333 ns
2026-09-11 12:35:03 [Test worker] INFO  tiempos - Costo promedio por batalla | 749 ns
2026-09-11 12:35:03 [Test worker] INFO  tiempos - Entrenamiento masivo | enemigos: 100000 | turnos: 100260 | tiempo: 0.0083 s (8.27 ms) | nanoTime: 8271458 ns
2026-09-11 12:35:03 [Test worker] INFO  tiempos - Costo promedio por batalla | 82 ns
2026-09-11 12:35:03 [Test worker] INFO  tiempos - Entrenamiento masivo | enemigos: 100 | turnos: 360 | tiempo: 0.0001 s (0.14 ms) | nanoTime: 142125 ns
2026-09-11 12:35:03 [Test worker] INFO  tiempos - Costo promedio por batalla | 1421 ns
2026-09-11 12:35:03 [Test worker] INFO  tiempos - Rotacion circular | enemigos: 50 | turnos de campo: 1 | turnos de combate: 270 | tiempo: 0.0001 s (0.11 ms) | nanoTime: 107500 ns
2026-09-11 12:35:03 [Test worker] INFO  tiempos - Costo promedio por enemigo derrotado | 2150 ns
2026-09-11 12:35:03 [Test worker] INFO  tiempos - Rotacion circular | enemigos: 250 | turnos de campo: 5 | turnos de combate: 1050 | tiempo: 0.0004 s (0.43 ms) | nanoTime: 428500 ns
2026-09-11 12:35:03 [Test worker] INFO  tiempos - Costo promedio por enemigo derrotado | 1714 ns
2026-09-11 12:35:03 [Test worker] INFO  tiempos - Rotacion circular | enemigos: 50 | turnos de campo: 1 | turnos de combate: 270 | tiempo: 0.0001 s (0.08 ms) | nanoTime: 76875 ns
2026-09-11 12:35:03 [Test worker] INFO  tiempos - Costo promedio por enemigo derrotado | 1537 ns
2026-09-11 12:35:03 [Test worker] INFO  tiempos - Rotacion circular | enemigos: 250 | turnos de campo: 5 | turnos de combate: 1050 | tiempo: 0.0004 s (0.41 ms) | nanoTime: 407125 ns
2026-09-11 12:35:03 [Test worker] INFO  tiempos - Costo promedio por enemigo derrotado | 1628 ns
2026-09-11 12:35:03 [Test worker] INFO  tiempos - Rotacion circular | enemigos: 250 | turnos de campo: 5 | turnos de combate: 1050 | tiempo: 0.0003 s (0.31 ms) | nanoTime: 308500 ns
2026-09-11 12:35:03 [Test worker] INFO  tiempos - Costo promedio por enemigo derrotado | 1234 ns
2026-09-11 12:35:08 [main] INFO  tiempos - Batalla unitaria contra Rattata | turnos: 3 | tiempo: 321959 ns
2026-09-11 12:35:08 [main] INFO  tiempos - Generacion de la horda | enemigos: 100000 | tiempo: 0.0025 s
2026-09-11 12:35:08 [main] INFO  tiempos - Entrenamiento masivo | enemigos: 100000 | turnos: 100260 | tiempo: 0.0148 s (14.82 ms) | nanoTime: 14817708 ns
2026-09-11 12:35:08 [main] INFO  tiempos - Costo promedio por batalla | 148 ns
2026-09-11 12:35:08 [main] INFO  tiempos - Rotacion circular | enemigos: 250 | turnos de campo: 5 | turnos de combate: 1050 | tiempo: 0.0023 s (2.35 ms) | nanoTime: 2347750 ns
2026-09-11 12:35:08 [main] INFO  tiempos - Costo promedio por enemigo derrotado | 9391 ns
2026-09-11 12:35:08 [main] INFO  tiempos - Rotacion circular | enemigos: 100000 | turnos de campo: 2000 | turnos de combate: 100900 | tiempo: 0.0144 s (14.35 ms) | nanoTime: 14351042 ns
2026-09-11 12:35:08 [main] INFO  tiempos - Costo promedio por enemigo derrotado | 143 ns
